
Carlos@LAPTOP-GG9TG0C8 MINGW64 ~/Desktop/Git (Branch1)
$ git status
On branch Branch1
Untracked files:
  (use "git add <file>..." to include in what will be committed)
        Pasos_para_repo.txt

nothing added to commit but untracked files present (use "git add" to track)

Carlos@LAPTOP-GG9TG0C8 MINGW64 ~/Desktop/Git (Branch1)
$ git add Pasos_para_repo.txt

Carlos@LAPTOP-GG9TG0C8 MINGW64 ~/Desktop/Git (Branch1)
$ git status
On branch Branch1
Changes to be committed:
  (use "git restore --staged <file>..." to unstage)
        new file:   Pasos_para_repo.txt

Carlos@LAPTOP-GG9TG0C8 MINGW64 ~/Desktop/Git (Branch1)
$ git commit -m "Nuevo archivo donde pongo los pasos para moverme en el repo"
[Branch1 e61829c] Nuevo archivo donde pongo los pasos para moverme en el repo
 1 file changed, 101 insertions(+)
 create mode 100644 Pasos_para_repo.txt

Carlos@LAPTOP-GG9TG0C8 MINGW64 ~/Desktop/Git (Branch1)
$ git status
On branch Branch1
nothing to commit, working tree clean

Carlos@LAPTOP-GG9TG0C8 MINGW64 ~/Desktop/Git (Branch1)
$ git checkout main
Switched to branch 'main'

Carlos@LAPTOP-GG9TG0C8 MINGW64 ~/Desktop/Git (main)
$ git status
On branch main
nothing to commit, working tree clean

Carlos@LAPTOP-GG9TG0C8 MINGW64 ~/Desktop/Git (main)
$ git merge Branch1
Updating 189221f..e61829c
Fast-forward
 Pasos_para_repo.txt | 101 ++++++++++++++++++++++++++++++++++++++++++++++++++++
 1 file changed, 101 insertions(+)
 create mode 100644 Pasos_para_repo.txt

Carlos@LAPTOP-GG9TG0C8 MINGW64 ~/Desktop/Git (main)
$ git remote add origin https://github.com/CarlosMay7/repo-de-prueba.git

Carlos@LAPTOP-GG9TG0C8 MINGW64 ~/Desktop/Git (main)
$ git branch -M main

Carlos@LAPTOP-GG9TG0C8 MINGW64 ~/Desktop/Git (main)
$ git push -u origin main




git status // Para ver el estado de la branch actual

git add nombredelarchivo.tipo //Para agregar al staging (Antes de hacer el commit)

git commit -m "Mensaje que se quiera enviar con las especificaciones" //Para hacer el commit 

git checkout -b Nombredelabranch //Crear nuevo branch

git checkout Nombredelabranch //Cambiar de branches

git merge Nombredelabranchdeorigen //Hay que estar en la branch que se quiera recibir los archivos y poner el nombre de donde se envían

git remote add origin Link del repo //Para saber a donde se envía

git branch -M main //Para que el repo que se vaya a subir esté en main

git push -u origin main //Para subir el repo local al remoto
